// Jest Snapshot v1, https://goo.gl/fbAQLP

exports[`App Component renders as expected 1`] = `ShallowWrapper {}`;
